
===========================================================================
report_checks -unconstrained
===========================================================================
======================= Typical Corner ===================================

Startpoint: _310_ (rising edge-triggered flip-flop clocked by core_clock)
Endpoint: _287_ (rising edge-triggered flip-flop clocked by core_clock)
Path Group: core_clock
Path Type: max

Fanout     Cap    Slew   Delay    Time   Description
-----------------------------------------------------------------------------
                          0.00    0.00   clock core_clock (rise edge)
                          0.00    0.00   clock source latency
     1    0.01    0.00    0.00    0.00 ^ CLK (in)
                                         CLK (net)
                  0.00    0.00    0.00 ^ clkbuf_0_CLK/A (sky130_fd_sc_hd__clkbuf_16)
     4    0.03    0.05    0.12    0.12 ^ clkbuf_0_CLK/X (sky130_fd_sc_hd__clkbuf_16)
                                         clknet_0_CLK (net)
                  0.05    0.00    0.12 ^ clkbuf_2_0__f_CLK/A (sky130_fd_sc_hd__clkbuf_16)
    15    0.03    0.05    0.14    0.26 ^ clkbuf_2_0__f_CLK/X (sky130_fd_sc_hd__clkbuf_16)
                                         clknet_2_0__leaf_CLK (net)
                  0.05    0.00    0.26 ^ _310_/CLK (sky130_fd_sc_hd__dfxtp_1)
     4    0.02    0.15    0.39    0.64 ^ _310_/Q (sky130_fd_sc_hd__dfxtp_1)
                                         x3.B (net)
                  0.15    0.00    0.64 ^ _132_/A (sky130_fd_sc_hd__xnor2_1)
     4    0.01    0.10    0.13    0.78 v _132_/Y (sky130_fd_sc_hd__xnor2_1)
                                         _083_ (net)
                  0.10    0.00    0.78 v _136_/A (sky130_fd_sc_hd__or4_4)
     6    0.02    0.11    0.59    1.37 v _136_/X (sky130_fd_sc_hd__or4_4)
                                         _087_ (net)
                  0.11    0.00    1.37 v _137_/C (sky130_fd_sc_hd__or3_1)
     2    0.01    0.08    0.35    1.71 v _137_/X (sky130_fd_sc_hd__or3_1)
                                         _088_ (net)
                  0.08    0.00    1.71 v _147_/A (sky130_fd_sc_hd__and3_1)
     3    0.01    0.07    0.19    1.90 v _147_/X (sky130_fd_sc_hd__and3_1)
                                         _098_ (net)
                  0.07    0.00    1.90 v _161_/A (sky130_fd_sc_hd__or3_1)
     1    0.01    0.08    0.39    2.29 v _161_/X (sky130_fd_sc_hd__or3_1)
                                         _112_ (net)
                  0.08    0.00    2.29 v _177_/A (sky130_fd_sc_hd__xnor2_1)
     1    0.00    0.04    0.13    2.42 v _177_/Y (sky130_fd_sc_hd__xnor2_1)
                                         x83.Si (net)
                  0.04    0.00    2.42 v _287_/D (sky130_fd_sc_hd__dfxtp_1)
                                  2.42   data arrival time

                          4.93    4.93   clock core_clock (rise edge)
                          0.00    4.93   clock source latency
     1    0.01    0.00    0.00    4.93 ^ CLK (in)
                                         CLK (net)
                  0.00    0.00    4.93 ^ clkbuf_0_CLK/A (sky130_fd_sc_hd__clkbuf_16)
     4    0.03    0.05    0.12    5.05 ^ clkbuf_0_CLK/X (sky130_fd_sc_hd__clkbuf_16)
                                         clknet_0_CLK (net)
                  0.05    0.00    5.05 ^ clkbuf_2_2__f_CLK/A (sky130_fd_sc_hd__clkbuf_16)
    15    0.04    0.06    0.14    5.19 ^ clkbuf_2_2__f_CLK/X (sky130_fd_sc_hd__clkbuf_16)
                                         clknet_2_2__leaf_CLK (net)
                  0.06    0.00    5.20 ^ _287_/CLK (sky130_fd_sc_hd__dfxtp_1)
                          0.00    5.20   clock reconvergence pessimism
                         -0.11    5.09   library setup time
                                  5.09   data required time
-----------------------------------------------------------------------------
                                  5.09   data required time
                                 -2.42   data arrival time
-----------------------------------------------------------------------------
                                  2.66   slack (MET)




===========================================================================
report_checks --slack_max -0.01
============================================================================
======================= Typical Corner ===================================

No paths found.


===========================================================================
 report_check_types -max_slew -max_cap -max_fanout -violators
============================================================================
======================= Typical Corner ===================================


max slew violations count Typical: 0
max fanout violations count Typical: 0
max cap violations count Typical: 0

===========================================================================
report_parasitic_annotation -report_unannotated
============================================================================
Found 3 unannotated drivers.
 clkload0/Y
 clkload1/X
 clkload2/Y
Found 36 partially unannotated drivers.
 B[0]
 CLK
 _146_/Y
 _175_/X
 _272_/Y
 _290_/Q
 _291_/Q
 _295_/Q
 _296_/Q
 _297_/Q
 _298_/Q
 _299_/Q
 _300_/Q
 _301_/Q
 _302_/Q
 _303_/Q
 _305_/Q
 clkbuf_0_CLK/X
 clkbuf_2_0__f_CLK/X
 clkbuf_2_3__f_CLK/X
 input10/X
 input11/X
 input21/X
 input22/X
 input23/X
 input25/X
 input33/X
 output34/X
 output35/X
 output37/X
 output40/X
 output41/X
 output42/X
 output43/X
 output48/X
 output50/X

===========================================================================
max slew violation count 0
max fanout violation count 0
max cap violation count 0
============================================================================

===========================================================================
check_setup -verbose -unconstrained_endpoints -multiple_clock -no_clock -no_input_delay -loops -generated_clocks
===========================================================================
Warning: There are 33 input ports missing set_input_delay.
  A[0]
  A[10]
  A[11]
  A[12]
  A[13]
  A[14]
  A[15]
  A[1]
  A[2]
  A[3]
  A[4]
  A[5]
  A[6]
  A[7]
  A[8]
  A[9]
  B[0]
  B[10]
  B[11]
  B[12]
  B[13]
  B[14]
  B[15]
  B[1]
  B[2]
  B[3]
  B[4]
  B[5]
  B[6]
  B[7]
  B[8]
  B[9]
  Cin
Warning: There are 50 unconstrained endpoints.
  Cout
  S[0]
  S[10]
  S[11]
  S[12]
  S[13]
  S[14]
  S[15]
  S[1]
  S[2]
  S[3]
  S[4]
  S[5]
  S[6]
  S[7]
  S[8]
  S[9]
  _290_/D
  _291_/D
  _292_/D
  _293_/D
  _294_/D
  _295_/D
  _296_/D
  _297_/D
  _298_/D
  _299_/D
  _300_/D
  _301_/D
  _302_/D
  _303_/D
  _304_/D
  _305_/D
  _306_/D
  _307_/D
  _308_/D
  _309_/D
  _310_/D
  _311_/D
  _312_/D
  _313_/D
  _314_/D
  _315_/D
  _316_/D
  _317_/D
  _318_/D
  _319_/D
  _320_/D
  _321_/D
  _322_/D
