
===========================================================================
 report_power
============================================================================
======================= Fastest Corner ===================================

Group                  Internal  Switching    Leakage      Total
                          Power      Power      Power      Power (Watts)
----------------------------------------------------------------
Sequential             4.10e-04   1.65e-05   7.26e-10   4.27e-04  53.4%
Combinational          3.73e-05   3.15e-05   4.32e-10   6.88e-05   8.6%
Clock                  1.71e-04   1.33e-04   8.03e-10   3.04e-04  38.0%
Macro                  0.00e+00   0.00e+00   0.00e+00   0.00e+00   0.0%
Pad                    0.00e+00   0.00e+00   0.00e+00   0.00e+00   0.0%
----------------------------------------------------------------
Total                  6.19e-04   1.81e-04   1.96e-09   8.00e-04 100.0%
                          77.4%      22.6%       0.0%

======================= Slowest Corner ===================================

Group                  Internal  Switching    Leakage      Total
                          Power      Power      Power      Power (Watts)
----------------------------------------------------------------
Sequential             2.75e-04   1.09e-05   7.32e-07   2.87e-04  52.7%
Combinational          2.79e-05   2.07e-05   5.31e-07   4.91e-05   9.0%
Clock                  1.23e-04   8.46e-05   1.06e-07   2.08e-04  38.2%
Macro                  0.00e+00   0.00e+00   0.00e+00   0.00e+00   0.0%
Pad                    0.00e+00   0.00e+00   0.00e+00   0.00e+00   0.0%
----------------------------------------------------------------
Total                  4.26e-04   1.16e-04   1.37e-06   5.44e-04 100.0%
                          78.4%      21.4%       0.3%

======================= Typical Corner ===================================

Group                  Internal  Switching    Leakage      Total
                          Power      Power      Power      Power (Watts)
----------------------------------------------------------------
Sequential             3.54e-04   1.40e-05   4.22e-10   3.68e-04  53.3%
Combinational          3.40e-05   2.65e-05   2.99e-10   6.06e-05   8.8%
Clock                  1.50e-04   1.11e-04   5.17e-10   2.61e-04  37.9%
Macro                  0.00e+00   0.00e+00   0.00e+00   0.00e+00   0.0%
Pad                    0.00e+00   0.00e+00   0.00e+00   0.00e+00   0.0%
----------------------------------------------------------------
Total                  5.38e-04   1.52e-04   1.24e-09   6.89e-04 100.0%
                          78.0%      22.0%       0.0%

