
===========================================================================
report_checks -path_delay max (Setup)
============================================================================
======================= Typical Corner ===================================

Startpoint: _212_ (rising edge-triggered flip-flop clocked by core_clock)
Endpoint: _206_ (rising edge-triggered flip-flop clocked by core_clock)
Path Group: core_clock
Path Type: max

Fanout     Cap    Slew   Delay    Time   Description
-----------------------------------------------------------------------------
                  0.00    0.00    0.00   clock core_clock (rise edge)
                          0.00    0.00   clock network delay (ideal)
                  0.00    0.00    0.00 ^ _212_/CLK (sky130_fd_sc_hd__dfxtp_1)
     3    0.01    0.04    0.29    0.29 v _212_/Q (sky130_fd_sc_hd__dfxtp_1)
                                         x4.A (net)
                  0.04    0.00    0.29 v _090_/B (sky130_fd_sc_hd__and2_1)
     2    0.00    0.04    0.16    0.45 v _090_/X (sky130_fd_sc_hd__and2_1)
                                         _041_ (net)
                  0.04    0.00    0.45 v _092_/A (sky130_fd_sc_hd__or2_1)
     2    0.01    0.06    0.24    0.69 v _092_/X (sky130_fd_sc_hd__or2_1)
                                         _043_ (net)
                  0.06    0.00    0.69 v _096_/A (sky130_fd_sc_hd__or2_2)
     4    0.02    0.09    0.35    1.04 v _096_/X (sky130_fd_sc_hd__or2_2)
                                         _047_ (net)
                  0.09    0.00    1.04 v _118_/A1 (sky130_fd_sc_hd__o41ai_4)
     4    0.01    0.32    0.42    1.46 ^ _118_/Y (sky130_fd_sc_hd__o41ai_4)
                                         _069_ (net)
                  0.32    0.00    1.46 ^ _130_/A (sky130_fd_sc_hd__and4_1)
     2    0.00    0.07    0.25    1.71 ^ _130_/X (sky130_fd_sc_hd__and4_1)
                                         _081_ (net)
                  0.07    0.00    1.71 ^ _141_/A1 (sky130_fd_sc_hd__o21ai_1)
     3    0.01    0.08    0.10    1.81 v _141_/Y (sky130_fd_sc_hd__o21ai_1)
                                         _005_ (net)
                  0.08    0.00    1.81 v _146_/A1 (sky130_fd_sc_hd__a21oi_1)
     1    0.01    0.16    0.17    1.97 ^ _146_/Y (sky130_fd_sc_hd__a21oi_1)
                                         _010_ (net)
                  0.16    0.00    1.97 ^ _147_/B (sky130_fd_sc_hd__xnor2_1)
     1    0.01    0.16    0.15    2.12 ^ _147_/Y (sky130_fd_sc_hd__xnor2_1)
                                         x65.Si (net)
                  0.16    0.00    2.12 ^ _206_/D (sky130_fd_sc_hd__dfxtp_1)
                                  2.12   data arrival time

                  0.00    4.75    4.75   clock core_clock (rise edge)
                          0.00    4.75   clock network delay (ideal)
                          0.00    4.75   clock reconvergence pessimism
                                  4.75 ^ _206_/CLK (sky130_fd_sc_hd__dfxtp_1)
                         -0.09    4.66   library setup time
                                  4.66   data required time
-----------------------------------------------------------------------------
                                  4.66   data required time
                                 -2.12   data arrival time
-----------------------------------------------------------------------------
                                  2.54   slack (MET)


Startpoint: _212_ (rising edge-triggered flip-flop clocked by core_clock)
Endpoint: _205_ (rising edge-triggered flip-flop clocked by core_clock)
Path Group: core_clock
Path Type: max

Fanout     Cap    Slew   Delay    Time   Description
-----------------------------------------------------------------------------
                  0.00    0.00    0.00   clock core_clock (rise edge)
                          0.00    0.00   clock network delay (ideal)
                  0.00    0.00    0.00 ^ _212_/CLK (sky130_fd_sc_hd__dfxtp_1)
     3    0.01    0.04    0.29    0.29 v _212_/Q (sky130_fd_sc_hd__dfxtp_1)
                                         x4.A (net)
                  0.04    0.00    0.29 v _090_/B (sky130_fd_sc_hd__and2_1)
     2    0.00    0.04    0.16    0.45 v _090_/X (sky130_fd_sc_hd__and2_1)
                                         _041_ (net)
                  0.04    0.00    0.45 v _092_/A (sky130_fd_sc_hd__or2_1)
     2    0.01    0.06    0.24    0.69 v _092_/X (sky130_fd_sc_hd__or2_1)
                                         _043_ (net)
                  0.06    0.00    0.69 v _096_/A (sky130_fd_sc_hd__or2_2)
     4    0.02    0.09    0.35    1.04 v _096_/X (sky130_fd_sc_hd__or2_2)
                                         _047_ (net)
                  0.09    0.00    1.04 v _118_/A1 (sky130_fd_sc_hd__o41ai_4)
     4    0.01    0.32    0.42    1.46 ^ _118_/Y (sky130_fd_sc_hd__o41ai_4)
                                         _069_ (net)
                  0.32    0.00    1.46 ^ _130_/A (sky130_fd_sc_hd__and4_1)
     2    0.00    0.07    0.25    1.71 ^ _130_/X (sky130_fd_sc_hd__and4_1)
                                         _081_ (net)
                  0.07    0.00    1.71 ^ _141_/A1 (sky130_fd_sc_hd__o21ai_1)
     3    0.01    0.08    0.10    1.81 v _141_/Y (sky130_fd_sc_hd__o21ai_1)
                                         _005_ (net)
                  0.08    0.00    1.81 v _148_/B1_N (sky130_fd_sc_hd__a21bo_1)
     1    0.01    0.05    0.20    2.00 ^ _148_/X (sky130_fd_sc_hd__a21bo_1)
                                         _011_ (net)
                  0.05    0.00    2.00 ^ _150_/A (sky130_fd_sc_hd__xnor2_1)
     1    0.00    0.04    0.06    2.06 v _150_/Y (sky130_fd_sc_hd__xnor2_1)
                                         x66.Si (net)
                  0.04    0.00    2.06 v _205_/D (sky130_fd_sc_hd__dfxtp_1)
                                  2.06   data arrival time

                  0.00    4.75    4.75   clock core_clock (rise edge)
                          0.00    4.75   clock network delay (ideal)
                          0.00    4.75   clock reconvergence pessimism
                                  4.75 ^ _205_/CLK (sky130_fd_sc_hd__dfxtp_1)
                         -0.12    4.63   library setup time
                                  4.63   data required time
-----------------------------------------------------------------------------
                                  4.63   data required time
                                 -2.06   data arrival time
-----------------------------------------------------------------------------
                                  2.57   slack (MET)


Startpoint: _212_ (rising edge-triggered flip-flop clocked by core_clock)
Endpoint: _204_ (rising edge-triggered flip-flop clocked by core_clock)
Path Group: core_clock
Path Type: max

Fanout     Cap    Slew   Delay    Time   Description
-----------------------------------------------------------------------------
                  0.00    0.00    0.00   clock core_clock (rise edge)
                          0.00    0.00   clock network delay (ideal)
                  0.00    0.00    0.00 ^ _212_/CLK (sky130_fd_sc_hd__dfxtp_1)
     3    0.01    0.04    0.29    0.29 v _212_/Q (sky130_fd_sc_hd__dfxtp_1)
                                         x4.A (net)
                  0.04    0.00    0.29 v _090_/B (sky130_fd_sc_hd__and2_1)
     2    0.00    0.04    0.16    0.45 v _090_/X (sky130_fd_sc_hd__and2_1)
                                         _041_ (net)
                  0.04    0.00    0.45 v _092_/A (sky130_fd_sc_hd__or2_1)
     2    0.01    0.06    0.24    0.69 v _092_/X (sky130_fd_sc_hd__or2_1)
                                         _043_ (net)
                  0.06    0.00    0.69 v _096_/A (sky130_fd_sc_hd__or2_2)
     4    0.02    0.09    0.35    1.04 v _096_/X (sky130_fd_sc_hd__or2_2)
                                         _047_ (net)
                  0.09    0.00    1.04 v _118_/A1 (sky130_fd_sc_hd__o41ai_4)
     4    0.01    0.32    0.42    1.46 ^ _118_/Y (sky130_fd_sc_hd__o41ai_4)
                                         _069_ (net)
                  0.32    0.00    1.46 ^ _130_/A (sky130_fd_sc_hd__and4_1)
     2    0.00    0.07    0.25    1.71 ^ _130_/X (sky130_fd_sc_hd__and4_1)
                                         _081_ (net)
                  0.07    0.00    1.71 ^ _151_/A (sky130_fd_sc_hd__or2_1)
     2    0.01    0.08    0.13    1.84 ^ _151_/X (sky130_fd_sc_hd__or2_1)
                                         _013_ (net)
                  0.08    0.00    1.84 ^ _152_/A1 (sky130_fd_sc_hd__a21bo_1)
     1    0.00    0.05    0.12    1.96 ^ _152_/X (sky130_fd_sc_hd__a21bo_1)
                                         _014_ (net)
                  0.05    0.00    1.96 ^ _153_/B (sky130_fd_sc_hd__xnor2_1)
     1    0.00    0.12    0.11    2.07 ^ _153_/Y (sky130_fd_sc_hd__xnor2_1)
                                         x67.Si (net)
                  0.12    0.00    2.07 ^ _204_/D (sky130_fd_sc_hd__dfxtp_1)
                                  2.07   data arrival time

                  0.00    4.75    4.75   clock core_clock (rise edge)
                          0.00    4.75   clock network delay (ideal)
                          0.00    4.75   clock reconvergence pessimism
                                  4.75 ^ _204_/CLK (sky130_fd_sc_hd__dfxtp_1)
                         -0.08    4.67   library setup time
                                  4.67   data required time
-----------------------------------------------------------------------------
                                  4.67   data required time
                                 -2.07   data arrival time
-----------------------------------------------------------------------------
                                  2.60   slack (MET)


Startpoint: _212_ (rising edge-triggered flip-flop clocked by core_clock)
Endpoint: _207_ (rising edge-triggered flip-flop clocked by core_clock)
Path Group: core_clock
Path Type: max

Fanout     Cap    Slew   Delay    Time   Description
-----------------------------------------------------------------------------
                  0.00    0.00    0.00   clock core_clock (rise edge)
                          0.00    0.00   clock network delay (ideal)
                  0.00    0.00    0.00 ^ _212_/CLK (sky130_fd_sc_hd__dfxtp_1)
     3    0.01    0.04    0.29    0.29 v _212_/Q (sky130_fd_sc_hd__dfxtp_1)
                                         x4.A (net)
                  0.04    0.00    0.29 v _090_/B (sky130_fd_sc_hd__and2_1)
     2    0.00    0.04    0.16    0.45 v _090_/X (sky130_fd_sc_hd__and2_1)
                                         _041_ (net)
                  0.04    0.00    0.45 v _092_/A (sky130_fd_sc_hd__or2_1)
     2    0.01    0.06    0.24    0.69 v _092_/X (sky130_fd_sc_hd__or2_1)
                                         _043_ (net)
                  0.06    0.00    0.69 v _096_/A (sky130_fd_sc_hd__or2_2)
     4    0.02    0.09    0.35    1.04 v _096_/X (sky130_fd_sc_hd__or2_2)
                                         _047_ (net)
                  0.09    0.00    1.04 v _118_/A1 (sky130_fd_sc_hd__o41ai_4)
     4    0.01    0.32    0.42    1.46 ^ _118_/Y (sky130_fd_sc_hd__o41ai_4)
                                         _069_ (net)
                  0.32    0.00    1.46 ^ _130_/A (sky130_fd_sc_hd__and4_1)
     2    0.00    0.07    0.25    1.71 ^ _130_/X (sky130_fd_sc_hd__and4_1)
                                         _081_ (net)
                  0.07    0.00    1.71 ^ _141_/A1 (sky130_fd_sc_hd__o21ai_1)
     3    0.01    0.08    0.10    1.81 v _141_/Y (sky130_fd_sc_hd__o21ai_1)
                                         _005_ (net)
                  0.08    0.00    1.81 v _190_/A2 (sky130_fd_sc_hd__o31ai_1)
     1    0.00    0.21    0.24    2.05 ^ _190_/Y (sky130_fd_sc_hd__o31ai_1)
                                         x49.G (net)
                  0.21    0.00    2.05 ^ _207_/D (sky130_fd_sc_hd__dfxtp_1)
                                  2.05   data arrival time

                  0.00    4.75    4.75   clock core_clock (rise edge)
                          0.00    4.75   clock network delay (ideal)
                          0.00    4.75   clock reconvergence pessimism
                                  4.75 ^ _207_/CLK (sky130_fd_sc_hd__dfxtp_1)
                         -0.10    4.65   library setup time
                                  4.65   data required time
-----------------------------------------------------------------------------
                                  4.65   data required time
                                 -2.05   data arrival time
-----------------------------------------------------------------------------
                                  2.60   slack (MET)


Startpoint: _212_ (rising edge-triggered flip-flop clocked by core_clock)
Endpoint: _203_ (rising edge-triggered flip-flop clocked by core_clock)
Path Group: core_clock
Path Type: max

Fanout     Cap    Slew   Delay    Time   Description
-----------------------------------------------------------------------------
                  0.00    0.00    0.00   clock core_clock (rise edge)
                          0.00    0.00   clock network delay (ideal)
                  0.00    0.00    0.00 ^ _212_/CLK (sky130_fd_sc_hd__dfxtp_1)
     3    0.01    0.04    0.29    0.29 v _212_/Q (sky130_fd_sc_hd__dfxtp_1)
                                         x4.A (net)
                  0.04    0.00    0.29 v _090_/B (sky130_fd_sc_hd__and2_1)
     2    0.00    0.04    0.16    0.45 v _090_/X (sky130_fd_sc_hd__and2_1)
                                         _041_ (net)
                  0.04    0.00    0.45 v _092_/A (sky130_fd_sc_hd__or2_1)
     2    0.01    0.06    0.24    0.69 v _092_/X (sky130_fd_sc_hd__or2_1)
                                         _043_ (net)
                  0.06    0.00    0.69 v _096_/A (sky130_fd_sc_hd__or2_2)
     4    0.02    0.09    0.35    1.04 v _096_/X (sky130_fd_sc_hd__or2_2)
                                         _047_ (net)
                  0.09    0.00    1.04 v _118_/A1 (sky130_fd_sc_hd__o41ai_4)
     4    0.01    0.32    0.42    1.46 ^ _118_/Y (sky130_fd_sc_hd__o41ai_4)
                                         _069_ (net)
                  0.32    0.00    1.46 ^ _130_/A (sky130_fd_sc_hd__and4_1)
     2    0.00    0.07    0.25    1.71 ^ _130_/X (sky130_fd_sc_hd__and4_1)
                                         _081_ (net)
                  0.07    0.00    1.71 ^ _151_/A (sky130_fd_sc_hd__or2_1)
     2    0.01    0.08    0.13    1.84 ^ _151_/X (sky130_fd_sc_hd__or2_1)
                                         _013_ (net)
                  0.08    0.00    1.84 ^ _154_/A (sky130_fd_sc_hd__xnor2_1)
     1    0.00    0.16    0.13    1.97 ^ _154_/Y (sky130_fd_sc_hd__xnor2_1)
                                         x68.Si (net)
                  0.16    0.00    1.97 ^ _203_/D (sky130_fd_sc_hd__dfxtp_1)
                                  1.97   data arrival time

                  0.00    4.75    4.75   clock core_clock (rise edge)
                          0.00    4.75   clock network delay (ideal)
                          0.00    4.75   clock reconvergence pessimism
                                  4.75 ^ _203_/CLK (sky130_fd_sc_hd__dfxtp_1)
                         -0.09    4.66   library setup time
                                  4.66   data required time
-----------------------------------------------------------------------------
                                  4.66   data required time
                                 -1.97   data arrival time
-----------------------------------------------------------------------------
                                  2.69   slack (MET)


Startpoint: _212_ (rising edge-triggered flip-flop clocked by core_clock)
Endpoint: _202_ (rising edge-triggered flip-flop clocked by core_clock)
Path Group: core_clock
Path Type: max

Fanout     Cap    Slew   Delay    Time   Description
-----------------------------------------------------------------------------
                  0.00    0.00    0.00   clock core_clock (rise edge)
                          0.00    0.00   clock network delay (ideal)
                  0.00    0.00    0.00 ^ _212_/CLK (sky130_fd_sc_hd__dfxtp_1)
     3    0.01    0.04    0.29    0.29 v _212_/Q (sky130_fd_sc_hd__dfxtp_1)
                                         x4.A (net)
                  0.04    0.00    0.29 v _090_/B (sky130_fd_sc_hd__and2_1)
     2    0.00    0.04    0.16    0.45 v _090_/X (sky130_fd_sc_hd__and2_1)
                                         _041_ (net)
                  0.04    0.00    0.45 v _092_/A (sky130_fd_sc_hd__or2_1)
     2    0.01    0.06    0.24    0.69 v _092_/X (sky130_fd_sc_hd__or2_1)
                                         _043_ (net)
                  0.06    0.00    0.69 v _096_/A (sky130_fd_sc_hd__or2_2)
     4    0.02    0.09    0.35    1.04 v _096_/X (sky130_fd_sc_hd__or2_2)
                                         _047_ (net)
                  0.09    0.00    1.04 v _118_/A1 (sky130_fd_sc_hd__o41ai_4)
     4    0.01    0.32    0.42    1.46 ^ _118_/Y (sky130_fd_sc_hd__o41ai_4)
                                         _069_ (net)
                  0.32    0.00    1.46 ^ _155_/A (sky130_fd_sc_hd__and2_1)
     2    0.01    0.08    0.20    1.66 ^ _155_/X (sky130_fd_sc_hd__and2_1)
                                         _015_ (net)
                  0.08    0.00    1.66 ^ _156_/A1 (sky130_fd_sc_hd__o21a_1)
     1    0.01    0.06    0.14    1.80 ^ _156_/X (sky130_fd_sc_hd__o21a_1)
                                         _016_ (net)
                  0.06    0.00    1.80 ^ _157_/B (sky130_fd_sc_hd__xor2_1)
     1    0.00    0.14    0.16    1.95 ^ _157_/X (sky130_fd_sc_hd__xor2_1)
                                         x69.Si (net)
                  0.14    0.00    1.95 ^ _202_/D (sky130_fd_sc_hd__dfxtp_1)
                                  1.95   data arrival time

                  0.00    4.75    4.75   clock core_clock (rise edge)
                          0.00    4.75   clock network delay (ideal)
                          0.00    4.75   clock reconvergence pessimism
                                  4.75 ^ _202_/CLK (sky130_fd_sc_hd__dfxtp_1)
                         -0.08    4.67   library setup time
                                  4.67   data required time
-----------------------------------------------------------------------------
                                  4.67   data required time
                                 -1.95   data arrival time
-----------------------------------------------------------------------------
                                  2.71   slack (MET)


Startpoint: _212_ (rising edge-triggered flip-flop clocked by core_clock)
Endpoint: _201_ (rising edge-triggered flip-flop clocked by core_clock)
Path Group: core_clock
Path Type: max

Fanout     Cap    Slew   Delay    Time   Description
-----------------------------------------------------------------------------
                  0.00    0.00    0.00   clock core_clock (rise edge)
                          0.00    0.00   clock network delay (ideal)
                  0.00    0.00    0.00 ^ _212_/CLK (sky130_fd_sc_hd__dfxtp_1)
     3    0.01    0.04    0.29    0.29 v _212_/Q (sky130_fd_sc_hd__dfxtp_1)
                                         x4.A (net)
                  0.04    0.00    0.29 v _090_/B (sky130_fd_sc_hd__and2_1)
     2    0.00    0.04    0.16    0.45 v _090_/X (sky130_fd_sc_hd__and2_1)
                                         _041_ (net)
                  0.04    0.00    0.45 v _092_/A (sky130_fd_sc_hd__or2_1)
     2    0.01    0.06    0.24    0.69 v _092_/X (sky130_fd_sc_hd__or2_1)
                                         _043_ (net)
                  0.06    0.00    0.69 v _096_/A (sky130_fd_sc_hd__or2_2)
     4    0.02    0.09    0.35    1.04 v _096_/X (sky130_fd_sc_hd__or2_2)
                                         _047_ (net)
                  0.09    0.00    1.04 v _118_/A1 (sky130_fd_sc_hd__o41ai_4)
     4    0.01    0.32    0.42    1.46 ^ _118_/Y (sky130_fd_sc_hd__o41ai_4)
                                         _069_ (net)
                  0.32    0.00    1.46 ^ _155_/A (sky130_fd_sc_hd__and2_1)
     2    0.01    0.08    0.20    1.66 ^ _155_/X (sky130_fd_sc_hd__and2_1)
                                         _015_ (net)
                  0.08    0.00    1.66 ^ _158_/A (sky130_fd_sc_hd__nor2_1)
     1    0.00    0.04    0.06    1.72 v _158_/Y (sky130_fd_sc_hd__nor2_1)
                                         _017_ (net)
                  0.04    0.00    1.72 v _159_/B (sky130_fd_sc_hd__xnor2_1)
     1    0.00    0.05    0.12    1.84 v _159_/Y (sky130_fd_sc_hd__xnor2_1)
                                         x70.Si (net)
                  0.05    0.00    1.84 v _201_/D (sky130_fd_sc_hd__dfxtp_1)
                                  1.84   data arrival time

                  0.00    4.75    4.75   clock core_clock (rise edge)
                          0.00    4.75   clock network delay (ideal)
                          0.00    4.75   clock reconvergence pessimism
                                  4.75 ^ _201_/CLK (sky130_fd_sc_hd__dfxtp_1)
                         -0.12    4.63   library setup time
                                  4.63   data required time
-----------------------------------------------------------------------------
                                  4.63   data required time
                                 -1.84   data arrival time
-----------------------------------------------------------------------------
                                  2.79   slack (MET)


Startpoint: _212_ (rising edge-triggered flip-flop clocked by core_clock)
Endpoint: _200_ (rising edge-triggered flip-flop clocked by core_clock)
Path Group: core_clock
Path Type: max

Fanout     Cap    Slew   Delay    Time   Description
-----------------------------------------------------------------------------
                  0.00    0.00    0.00   clock core_clock (rise edge)
                          0.00    0.00   clock network delay (ideal)
                  0.00    0.00    0.00 ^ _212_/CLK (sky130_fd_sc_hd__dfxtp_1)
     3    0.01    0.04    0.29    0.29 v _212_/Q (sky130_fd_sc_hd__dfxtp_1)
                                         x4.A (net)
                  0.04    0.00    0.29 v _090_/B (sky130_fd_sc_hd__and2_1)
     2    0.00    0.04    0.16    0.45 v _090_/X (sky130_fd_sc_hd__and2_1)
                                         _041_ (net)
                  0.04    0.00    0.45 v _092_/A (sky130_fd_sc_hd__or2_1)
     2    0.01    0.06    0.24    0.69 v _092_/X (sky130_fd_sc_hd__or2_1)
                                         _043_ (net)
                  0.06    0.00    0.69 v _096_/A (sky130_fd_sc_hd__or2_2)
     4    0.02    0.09    0.35    1.04 v _096_/X (sky130_fd_sc_hd__or2_2)
                                         _047_ (net)
                  0.09    0.00    1.04 v _118_/A1 (sky130_fd_sc_hd__o41ai_4)
     4    0.01    0.32    0.42    1.46 ^ _118_/Y (sky130_fd_sc_hd__o41ai_4)
                                         _069_ (net)
                  0.32    0.00    1.46 ^ _160_/B1 (sky130_fd_sc_hd__o21a_1)
     1    0.00    0.05    0.17    1.63 ^ _160_/X (sky130_fd_sc_hd__o21a_1)
                                         _018_ (net)
                  0.05    0.00    1.63 ^ _161_/B1 (sky130_fd_sc_hd__a21oi_1)
     1    0.00    0.07    0.04    1.67 v _161_/Y (sky130_fd_sc_hd__a21oi_1)
                                         _019_ (net)
                  0.07    0.00    1.67 v _162_/B (sky130_fd_sc_hd__xnor2_1)
     1    0.00    0.04    0.12    1.80 v _162_/Y (sky130_fd_sc_hd__xnor2_1)
                                         x71.Si (net)
                  0.04    0.00    1.80 v _200_/D (sky130_fd_sc_hd__dfxtp_1)
                                  1.80   data arrival time

                  0.00    4.75    4.75   clock core_clock (rise edge)
                          0.00    4.75   clock network delay (ideal)
                          0.00    4.75   clock reconvergence pessimism
                                  4.75 ^ _200_/CLK (sky130_fd_sc_hd__dfxtp_1)
                         -0.12    4.63   library setup time
                                  4.63   data required time
-----------------------------------------------------------------------------
                                  4.63   data required time
                                 -1.80   data arrival time
-----------------------------------------------------------------------------
                                  2.83   slack (MET)


Startpoint: _212_ (rising edge-triggered flip-flop clocked by core_clock)
Endpoint: _199_ (rising edge-triggered flip-flop clocked by core_clock)
Path Group: core_clock
Path Type: max

Fanout     Cap    Slew   Delay    Time   Description
-----------------------------------------------------------------------------
                  0.00    0.00    0.00   clock core_clock (rise edge)
                          0.00    0.00   clock network delay (ideal)
                  0.00    0.00    0.00 ^ _212_/CLK (sky130_fd_sc_hd__dfxtp_1)
     3    0.01    0.04    0.29    0.29 v _212_/Q (sky130_fd_sc_hd__dfxtp_1)
                                         x4.A (net)
                  0.04    0.00    0.29 v _090_/B (sky130_fd_sc_hd__and2_1)
     2    0.00    0.04    0.16    0.45 v _090_/X (sky130_fd_sc_hd__and2_1)
                                         _041_ (net)
                  0.04    0.00    0.45 v _092_/A (sky130_fd_sc_hd__or2_1)
     2    0.01    0.06    0.24    0.69 v _092_/X (sky130_fd_sc_hd__or2_1)
                                         _043_ (net)
                  0.06    0.00    0.69 v _096_/A (sky130_fd_sc_hd__or2_2)
     4    0.02    0.09    0.35    1.04 v _096_/X (sky130_fd_sc_hd__or2_2)
                                         _047_ (net)
                  0.09    0.00    1.04 v _118_/A1 (sky130_fd_sc_hd__o41ai_4)
     4    0.01    0.32    0.42    1.46 ^ _118_/Y (sky130_fd_sc_hd__o41ai_4)
                                         _069_ (net)
                  0.32    0.00    1.46 ^ _163_/A (sky130_fd_sc_hd__xor2_1)
     1    0.00    0.12    0.18    1.64 ^ _163_/X (sky130_fd_sc_hd__xor2_1)
                                         x72.Si (net)
                  0.12    0.00    1.64 ^ _199_/D (sky130_fd_sc_hd__dfxtp_1)
                                  1.64   data arrival time

                  0.00    4.75    4.75   clock core_clock (rise edge)
                          0.00    4.75   clock network delay (ideal)
                          0.00    4.75   clock reconvergence pessimism
                                  4.75 ^ _199_/CLK (sky130_fd_sc_hd__dfxtp_1)
                         -0.08    4.67   library setup time
                                  4.67   data required time
-----------------------------------------------------------------------------
                                  4.67   data required time
                                 -1.64   data arrival time
-----------------------------------------------------------------------------
                                  3.03   slack (MET)


Startpoint: _224_ (rising edge-triggered flip-flop clocked by core_clock)
Endpoint: _196_ (rising edge-triggered flip-flop clocked by core_clock)
Path Group: core_clock
Path Type: max

Fanout     Cap    Slew   Delay    Time   Description
-----------------------------------------------------------------------------
                  0.00    0.00    0.00   clock core_clock (rise edge)
                          0.00    0.00   clock network delay (ideal)
                  0.00    0.00    0.00 ^ _224_/CLK (sky130_fd_sc_hd__dfxtp_1)
     3    0.01    0.04    0.29    0.29 v _224_/Q (sky130_fd_sc_hd__dfxtp_1)
                                         x8.B (net)
                  0.04    0.00    0.29 v _099_/A (sky130_fd_sc_hd__or2_1)
     3    0.01    0.07    0.25    0.54 v _099_/X (sky130_fd_sc_hd__or2_1)
                                         _050_ (net)
                  0.07    0.00    0.54 v _100_/D (sky130_fd_sc_hd__and4_1)
     2    0.01    0.07    0.24    0.78 v _100_/X (sky130_fd_sc_hd__and4_1)
                                         _051_ (net)
                  0.07    0.00    0.78 v _108_/A1 (sky130_fd_sc_hd__o31ai_4)
     5    0.02    0.33    0.37    1.16 ^ _108_/Y (sky130_fd_sc_hd__o31ai_4)
                                         _059_ (net)
                  0.33    0.00    1.16 ^ _171_/A2 (sky130_fd_sc_hd__o21bai_1)
     1    0.00    0.08    0.12    1.28 v _171_/Y (sky130_fd_sc_hd__o21bai_1)
                                         _025_ (net)
                  0.08    0.00    1.28 v _172_/B (sky130_fd_sc_hd__xnor2_1)
     1    0.00    0.04    0.13    1.40 v _172_/Y (sky130_fd_sc_hd__xnor2_1)
                                         x75.Si (net)
                  0.04    0.00    1.40 v _196_/D (sky130_fd_sc_hd__dfxtp_1)
                                  1.40   data arrival time

                  0.00    4.75    4.75   clock core_clock (rise edge)
                          0.00    4.75   clock network delay (ideal)
                          0.00    4.75   clock reconvergence pessimism
                                  4.75 ^ _196_/CLK (sky130_fd_sc_hd__dfxtp_1)
                         -0.12    4.63   library setup time
                                  4.63   data required time
-----------------------------------------------------------------------------
                                  4.63   data required time
                                 -1.40   data arrival time
-----------------------------------------------------------------------------
                                  3.23   slack (MET)


Startpoint: _224_ (rising edge-triggered flip-flop clocked by core_clock)
Endpoint: _197_ (rising edge-triggered flip-flop clocked by core_clock)
Path Group: core_clock
Path Type: max

Fanout     Cap    Slew   Delay    Time   Description
-----------------------------------------------------------------------------
                  0.00    0.00    0.00   clock core_clock (rise edge)
                          0.00    0.00   clock network delay (ideal)
                  0.00    0.00    0.00 ^ _224_/CLK (sky130_fd_sc_hd__dfxtp_1)
     3    0.01    0.04    0.29    0.29 v _224_/Q (sky130_fd_sc_hd__dfxtp_1)
                                         x8.B (net)
                  0.04    0.00    0.29 v _099_/A (sky130_fd_sc_hd__or2_1)
     3    0.01    0.07    0.25    0.54 v _099_/X (sky130_fd_sc_hd__or2_1)
                                         _050_ (net)
                  0.07    0.00    0.54 v _100_/D (sky130_fd_sc_hd__and4_1)
     2    0.01    0.07    0.24    0.78 v _100_/X (sky130_fd_sc_hd__and4_1)
                                         _051_ (net)
                  0.07    0.00    0.78 v _108_/A1 (sky130_fd_sc_hd__o31ai_4)
     5    0.02    0.33    0.37    1.16 ^ _108_/Y (sky130_fd_sc_hd__o31ai_4)
                                         _059_ (net)
                  0.33    0.00    1.16 ^ _169_/A2 (sky130_fd_sc_hd__o22ai_1)
     1    0.00    0.07    0.12    1.28 v _169_/Y (sky130_fd_sc_hd__o22ai_1)
                                         _024_ (net)
                  0.07    0.00    1.28 v _170_/B1 (sky130_fd_sc_hd__o31a_1)
     1    0.00    0.05    0.11    1.39 v _170_/X (sky130_fd_sc_hd__o31a_1)
                                         x74.Si (net)
                  0.05    0.00    1.39 v _197_/D (sky130_fd_sc_hd__dfxtp_1)
                                  1.39   data arrival time

                  0.00    4.75    4.75   clock core_clock (rise edge)
                          0.00    4.75   clock network delay (ideal)
                          0.00    4.75   clock reconvergence pessimism
                                  4.75 ^ _197_/CLK (sky130_fd_sc_hd__dfxtp_1)
                         -0.12    4.63   library setup time
                                  4.63   data required time
-----------------------------------------------------------------------------
                                  4.63   data required time
                                 -1.39   data arrival time
-----------------------------------------------------------------------------
                                  3.23   slack (MET)


Startpoint: _212_ (rising edge-triggered flip-flop clocked by core_clock)
Endpoint: _198_ (rising edge-triggered flip-flop clocked by core_clock)
Path Group: core_clock
Path Type: max

Fanout     Cap    Slew   Delay    Time   Description
-----------------------------------------------------------------------------
                  0.00    0.00    0.00   clock core_clock (rise edge)
                          0.00    0.00   clock network delay (ideal)
                  0.00    0.00    0.00 ^ _212_/CLK (sky130_fd_sc_hd__dfxtp_1)
     3    0.01    0.04    0.29    0.29 v _212_/Q (sky130_fd_sc_hd__dfxtp_1)
                                         x4.A (net)
                  0.04    0.00    0.29 v _090_/B (sky130_fd_sc_hd__and2_1)
     2    0.00    0.04    0.16    0.45 v _090_/X (sky130_fd_sc_hd__and2_1)
                                         _041_ (net)
                  0.04    0.00    0.45 v _092_/A (sky130_fd_sc_hd__or2_1)
     2    0.01    0.06    0.24    0.69 v _092_/X (sky130_fd_sc_hd__or2_1)
                                         _043_ (net)
                  0.06    0.00    0.69 v _096_/A (sky130_fd_sc_hd__or2_2)
     4    0.02    0.09    0.35    1.04 v _096_/X (sky130_fd_sc_hd__or2_2)
                                         _047_ (net)
                  0.09    0.00    1.04 v _164_/A (sky130_fd_sc_hd__nor2_1)
     1    0.00    0.08    0.11    1.15 ^ _164_/Y (sky130_fd_sc_hd__nor2_1)
                                         _020_ (net)
                  0.08    0.00    1.15 ^ _165_/B1 (sky130_fd_sc_hd__a22o_1)
     1    0.01    0.07    0.14    1.29 ^ _165_/X (sky130_fd_sc_hd__a22o_1)
                                         _021_ (net)
                  0.07    0.00    1.29 ^ _167_/A (sky130_fd_sc_hd__xnor2_1)
     1    0.00    0.14    0.12    1.41 ^ _167_/Y (sky130_fd_sc_hd__xnor2_1)
                                         x73.Si (net)
                  0.14    0.00    1.41 ^ _198_/D (sky130_fd_sc_hd__dfxtp_1)
                                  1.41   data arrival time

                  0.00    4.75    4.75   clock core_clock (rise edge)
                          0.00    4.75   clock network delay (ideal)
                          0.00    4.75   clock reconvergence pessimism
                                  4.75 ^ _198_/CLK (sky130_fd_sc_hd__dfxtp_1)
                         -0.08    4.67   library setup time
                                  4.67   data required time
-----------------------------------------------------------------------------
                                  4.67   data required time
                                 -1.41   data arrival time
-----------------------------------------------------------------------------
                                  3.26   slack (MET)


Startpoint: _224_ (rising edge-triggered flip-flop clocked by core_clock)
Endpoint: _195_ (rising edge-triggered flip-flop clocked by core_clock)
Path Group: core_clock
Path Type: max

Fanout     Cap    Slew   Delay    Time   Description
-----------------------------------------------------------------------------
                  0.00    0.00    0.00   clock core_clock (rise edge)
                          0.00    0.00   clock network delay (ideal)
                  0.00    0.00    0.00 ^ _224_/CLK (sky130_fd_sc_hd__dfxtp_1)
     3    0.01    0.04    0.29    0.29 v _224_/Q (sky130_fd_sc_hd__dfxtp_1)
                                         x8.B (net)
                  0.04    0.00    0.29 v _099_/A (sky130_fd_sc_hd__or2_1)
     3    0.01    0.07    0.25    0.54 v _099_/X (sky130_fd_sc_hd__or2_1)
                                         _050_ (net)
                  0.07    0.00    0.54 v _100_/D (sky130_fd_sc_hd__and4_1)
     2    0.01    0.07    0.24    0.78 v _100_/X (sky130_fd_sc_hd__and4_1)
                                         _051_ (net)
                  0.07    0.00    0.78 v _108_/A1 (sky130_fd_sc_hd__o31ai_4)
     5    0.02    0.33    0.37    1.16 ^ _108_/Y (sky130_fd_sc_hd__o31ai_4)
                                         _059_ (net)
                  0.33    0.00    1.16 ^ _173_/B (sky130_fd_sc_hd__xor2_1)
     1    0.00    0.09    0.11    1.27 v _173_/X (sky130_fd_sc_hd__xor2_1)
                                         x76.Si (net)
                  0.09    0.00    1.27 v _195_/D (sky130_fd_sc_hd__dfxtp_1)
                                  1.27   data arrival time

                  0.00    4.75    4.75   clock core_clock (rise edge)
                          0.00    4.75   clock network delay (ideal)
                          0.00    4.75   clock reconvergence pessimism
                                  4.75 ^ _195_/CLK (sky130_fd_sc_hd__dfxtp_1)
                         -0.14    4.61   library setup time
                                  4.61   data required time
-----------------------------------------------------------------------------
                                  4.61   data required time
                                 -1.27   data arrival time
-----------------------------------------------------------------------------
                                  3.34   slack (MET)


Startpoint: _224_ (rising edge-triggered flip-flop clocked by core_clock)
Endpoint: _194_ (rising edge-triggered flip-flop clocked by core_clock)
Path Group: core_clock
Path Type: max

Fanout     Cap    Slew   Delay    Time   Description
-----------------------------------------------------------------------------
                  0.00    0.00    0.00   clock core_clock (rise edge)
                          0.00    0.00   clock network delay (ideal)
                  0.00    0.00    0.00 ^ _224_/CLK (sky130_fd_sc_hd__dfxtp_1)
     3    0.01    0.04    0.29    0.29 v _224_/Q (sky130_fd_sc_hd__dfxtp_1)
                                         x8.B (net)
                  0.04    0.00    0.29 v _099_/A (sky130_fd_sc_hd__or2_1)
     3    0.01    0.07    0.25    0.54 v _099_/X (sky130_fd_sc_hd__or2_1)
                                         _050_ (net)
                  0.07    0.00    0.54 v _100_/D (sky130_fd_sc_hd__and4_1)
     2    0.01    0.07    0.24    0.78 v _100_/X (sky130_fd_sc_hd__and4_1)
                                         _051_ (net)
                  0.07    0.00    0.78 v _177_/A (sky130_fd_sc_hd__nor2_1)
     2    0.01    0.17    0.17    0.95 ^ _177_/Y (sky130_fd_sc_hd__nor2_1)
                                         _029_ (net)
                  0.17    0.00    0.95 ^ _178_/A2 (sky130_fd_sc_hd__o21bai_1)
     1    0.00    0.06    0.09    1.05 v _178_/Y (sky130_fd_sc_hd__o21bai_1)
                                         _030_ (net)
                  0.06    0.00    1.05 v _179_/B (sky130_fd_sc_hd__xnor2_1)
     1    0.00    0.04    0.12    1.17 v _179_/Y (sky130_fd_sc_hd__xnor2_1)
                                         x77.Si (net)
                  0.04    0.00    1.17 v _194_/D (sky130_fd_sc_hd__dfxtp_1)
                                  1.17   data arrival time

                  0.00    4.75    4.75   clock core_clock (rise edge)
                          0.00    4.75   clock network delay (ideal)
                          0.00    4.75   clock reconvergence pessimism
                                  4.75 ^ _194_/CLK (sky130_fd_sc_hd__dfxtp_1)
                         -0.12    4.63   library setup time
                                  4.63   data required time
-----------------------------------------------------------------------------
                                  4.63   data required time
                                 -1.17   data arrival time
-----------------------------------------------------------------------------
                                  3.46   slack (MET)


Startpoint: _209_ (rising edge-triggered flip-flop clocked by core_clock)
Endpoint: _193_ (rising edge-triggered flip-flop clocked by core_clock)
Path Group: core_clock
Path Type: max

Fanout     Cap    Slew   Delay    Time   Description
-----------------------------------------------------------------------------
                  0.00    0.00    0.00   clock core_clock (rise edge)
                          0.00    0.00   clock network delay (ideal)
                  0.00    0.00    0.00 ^ _209_/CLK (sky130_fd_sc_hd__dfxtp_1)
     3    0.01    0.13    0.35    0.35 ^ _209_/Q (sky130_fd_sc_hd__dfxtp_1)
                                         x7.A (net)
                  0.13    0.00    0.35 ^ _097_/B (sky130_fd_sc_hd__xor2_1)
     2    0.01    0.19    0.21    0.56 ^ _097_/X (sky130_fd_sc_hd__xor2_1)
                                         _048_ (net)
                  0.19    0.00    0.56 ^ _100_/B (sky130_fd_sc_hd__and4_1)
     2    0.01    0.14    0.28    0.84 ^ _100_/X (sky130_fd_sc_hd__and4_1)
                                         _051_ (net)
                  0.14    0.00    0.84 ^ _177_/A (sky130_fd_sc_hd__nor2_1)
     2    0.01    0.06    0.09    0.92 v _177_/Y (sky130_fd_sc_hd__nor2_1)
                                         _029_ (net)
                  0.06    0.00    0.92 v _181_/B (sky130_fd_sc_hd__xnor2_1)
     1    0.00    0.05    0.12    1.04 v _181_/Y (sky130_fd_sc_hd__xnor2_1)
                                         x78.Si (net)
                  0.05    0.00    1.04 v _193_/D (sky130_fd_sc_hd__dfxtp_1)
                                  1.04   data arrival time

                  0.00    4.75    4.75   clock core_clock (rise edge)
                          0.00    4.75   clock network delay (ideal)
                          0.00    4.75   clock reconvergence pessimism
                                  4.75 ^ _193_/CLK (sky130_fd_sc_hd__dfxtp_1)
                         -0.12    4.63   library setup time
                                  4.63   data required time
-----------------------------------------------------------------------------
                                  4.63   data required time
                                 -1.04   data arrival time
-----------------------------------------------------------------------------
                                  3.58   slack (MET)


Startpoint: _224_ (rising edge-triggered flip-flop clocked by core_clock)
Endpoint: _191_ (rising edge-triggered flip-flop clocked by core_clock)
Path Group: core_clock
Path Type: max

Fanout     Cap    Slew   Delay    Time   Description
-----------------------------------------------------------------------------
                  0.00    0.00    0.00   clock core_clock (rise edge)
                          0.00    0.00   clock network delay (ideal)
                  0.00    0.00    0.00 ^ _224_/CLK (sky130_fd_sc_hd__dfxtp_1)
     3    0.01    0.04    0.29    0.29 v _224_/Q (sky130_fd_sc_hd__dfxtp_1)
                                         x8.B (net)
                  0.04    0.00    0.29 v _099_/A (sky130_fd_sc_hd__or2_1)
     3    0.01    0.07    0.25    0.54 v _099_/X (sky130_fd_sc_hd__or2_1)
                                         _050_ (net)
                  0.07    0.00    0.54 v _185_/A2 (sky130_fd_sc_hd__a21o_1)
     1    0.00    0.03    0.18    0.72 v _185_/X (sky130_fd_sc_hd__a21o_1)
                                         _034_ (net)
                  0.03    0.00    0.72 v _186_/B (sky130_fd_sc_hd__and2_1)
     1    0.00    0.03    0.14    0.86 v _186_/X (sky130_fd_sc_hd__and2_1)
                                         _035_ (net)
                  0.03    0.00    0.86 v _187_/A (sky130_fd_sc_hd__clkbuf_1)
     1    0.00    0.03    0.08    0.94 v _187_/X (sky130_fd_sc_hd__clkbuf_1)
                                         x80.Si (net)
                  0.03    0.00    0.94 v _191_/D (sky130_fd_sc_hd__dfxtp_1)
                                  0.94   data arrival time

                  0.00    4.75    4.75   clock core_clock (rise edge)
                          0.00    4.75   clock network delay (ideal)
                          0.00    4.75   clock reconvergence pessimism
                                  4.75 ^ _191_/CLK (sky130_fd_sc_hd__dfxtp_1)
                         -0.11    4.64   library setup time
                                  4.64   data required time
-----------------------------------------------------------------------------
                                  4.64   data required time
                                 -0.94   data arrival time
-----------------------------------------------------------------------------
                                  3.70   slack (MET)


Startpoint: _224_ (rising edge-triggered flip-flop clocked by core_clock)
Endpoint: _192_ (rising edge-triggered flip-flop clocked by core_clock)
Path Group: core_clock
Path Type: max

Fanout     Cap    Slew   Delay    Time   Description
-----------------------------------------------------------------------------
                  0.00    0.00    0.00   clock core_clock (rise edge)
                          0.00    0.00   clock network delay (ideal)
                  0.00    0.00    0.00 ^ _224_/CLK (sky130_fd_sc_hd__dfxtp_1)
     3    0.01    0.04    0.29    0.29 v _224_/Q (sky130_fd_sc_hd__dfxtp_1)
                                         x8.B (net)
                  0.04    0.00    0.29 v _099_/A (sky130_fd_sc_hd__or2_1)
     3    0.01    0.07    0.25    0.54 v _099_/X (sky130_fd_sc_hd__or2_1)
                                         _050_ (net)
                  0.07    0.00    0.54 v _182_/C (sky130_fd_sc_hd__nand3_1)
     2    0.00    0.08    0.10    0.64 ^ _182_/Y (sky130_fd_sc_hd__nand3_1)
                                         _032_ (net)
                  0.08    0.00    0.64 ^ _183_/B (sky130_fd_sc_hd__nand2_1)
     1    0.00    0.05    0.07    0.70 v _183_/Y (sky130_fd_sc_hd__nand2_1)
                                         _033_ (net)
                  0.05    0.00    0.70 v _184_/B (sky130_fd_sc_hd__xor2_1)
     1    0.00    0.06    0.14    0.84 v _184_/X (sky130_fd_sc_hd__xor2_1)
                                         x79.Si (net)
                  0.06    0.00    0.84 v _192_/D (sky130_fd_sc_hd__dfxtp_1)
                                  0.84   data arrival time

                  0.00    4.75    4.75   clock core_clock (rise edge)
                          0.00    4.75   clock network delay (ideal)
                          0.00    4.75   clock reconvergence pessimism
                                  4.75 ^ _192_/CLK (sky130_fd_sc_hd__dfxtp_1)
                         -0.13    4.62   library setup time
                                  4.62   data required time
-----------------------------------------------------------------------------
                                  4.62   data required time
                                 -0.84   data arrival time
-----------------------------------------------------------------------------
                                  3.78   slack (MET)



worst slack corner Typical: 2.5400
